Script started on 2022-12-19 16:15:52-05:00 [TERM="xterm-256color" TTY="/dev/pts/1" COLUMNS="120" LINES="30"]
hunter2e@th121-3:~/LBP/life/FINAL.TUOHEY/ASSIGNMENT_11$ valgrind --leak-check+[K=full --show-leak-kinds=all ./a.out.train.d at
valgrind: ./a.out.train.dat: No such file or directory
hunter2e@th121-3:~/LBP/life/FINAL.TUOHEY/ASSIGNMENT_11$ ls
main.c	perceptron.c  perceptron.h  train.dat  typescript
hunter2e@th121-3:~/LBP/life/FINAL.TUOHEY/ASSIGNMENT_11$ touch tead[K[K[K[Kreaad.[K[K[K[K[K[Kread.txt
hunter2e@th121-3:~/LBP/life/FINAL.TUOHEY/ASSIGNMENT_11$ vbi[K[Kim read.txt 
[?1049h[22;0;0t[>4;2m[?1h=[?2004h[1;30r[?12h[?12l[22;2t[22;1t[27m[23m[29m[m[H[2J[?25l[30;1H"read.txt" 0L, 0C[2;1Hâ–½[6n[2;1H  [1;1H[>c]10;?]11;?[2;1H[94m~                                                                                                                       [3;1H~                                                                                                                       [4;1H~                                                                                                                       [5;1H~                                                                                                                       [6;1H~                                                                                                                       [7;1H~                                                                                                                       [8;1H~                                                                                                                       [9;1H~                                                                                                                       [10;1H~                                                                                                                       [11;1H~                                                                                                                       [12;1H~                                                                                                                       [13;1H~                                                                                                                       [14;1H~                                                                                                                       [15;1H~                                                                                                                       [16;1H~                                                                                                                       [17;1H~                                                                                                                       [18;1H~                                                                                                                       [19;1H~                                                                                                                       [20;1H~                                                                                                                       [21;1H~                                                                                                                       [22;1H~                                                                                                                       [23;1H~                                                                                                                       [24;1H~                                                                                                                       [25;1H~                                                                                                                       [26;1H~                                                                                                                       [27;1H~                                                                                                                       [28;1H~                                                                                                                       [29;1H~                                                                                                                       [m[30;103H0,0-1[9CAll[1;1H[?25h[?25l[30;1H[1m-- INSERT --[m[30;13H[K[30;103H0,1[11CAll[1;1H[?25h[?25lN[30;103H1,2[1;2H[?25h[?25lo[30;105H3[1;3H[?25h[?25lt[30;105H4[1;4H[?25h[?25l[30;105H5[1;5H[?25h[?25ls[30;105H6[1;6H[?25h[?25lu[30;105H7[1;7H[?25h[?25lr[30;105H8[1;8H[?25h[?25le[30;105H9[1;9H[?25h[?25l[30;105H10[1;10H[?25h[?25lh[30;106H1[1;11H[?25h[?25lo[30;106H2[1;12H[?25h[?25lw[30;106H3[1;13H[?25h[?25l[30;106H4[1;14H[?25h[?25lw[30;106H5[1;15H[?25h[?25le[30;106H6[1;16H[?25h[?25l[30;106H7[1;17H[?25h[?25lw[30;106H8[1;18H[?25h[?25le[30;106H9[1;19H[?25h[?25lr[30;105H20[1;20H[?25h[?25le[30;106H1[1;21H[?25h[?25l[30;106H2[1;22H[?25h[?25ls[30;106H3[1;23H[?25h[?25lu[30;106H4[1;24H[?25h[?25lp[30;106H5[1;25H[?25h[?25lp[30;106H6[1;26H[?25h[?25lo[30;106H7[1;27H[?25h[?25ls[30;106H8[1;28H[?25h[?25le[30;106H9[1;29H[?25h[?25ld[30;105H30[1;30H[?25h[?25l[30;106H1[1;31H[?25h[?25lt[30;106H2[1;32H[?25h[?25lo[30;106H3[1;33H[?25h[?25l[30;106H4[1;34H[?25h[?25lc[30;106H5[1;35H[?25h[?25lo[30;106H6[1;36H[?25h[?25lm[30;106H7[1;37H[?25h[?25lp[30;106H8[1;38H[?25h[?25ll[30;106H9[1;39H[?25h[?25le[30;105H40[1;40H[?25h[?25lt[30;106H1[1;41H[?25h[?25le[30;106H2[1;42H[?25h[?25l[30;106H3[1;43H[?25h[?25lA[30;106H4[1;44H[?25h[?25ls[30;106H5[1;45H[?25h[?25ls[30;106H6[1;46H[?25h[?25li[30;106H7[1;47H[?25h[?25ln[30;106H8[1;48H[?25h[?25lg[30;106H9[1;49H[?25h[?25lm[30;105H50[1;50H[?25h[?25l[1;49H[K[30;105H49[1;49H[?25h[?25lm[30;105H50[1;50H[?25h[?25le[30;106H1[1;51H[?25h[?25ln[30;106H2[1;52H[?25h[?25lt[30;106H3[1;53H[?25h[?25l[30;106H4[1;54H[?25h[?25l1[30;106H5[1;55H[?25h[?25l1[30;106H6[1;56H[?25h[?25l[30;106H7[1;57H[?25h[?25l[30;106H6[1;56H[?25h[?25l[1;55H[K[30;106H5[1;55H[?25h[?25l[1;54H[K[30;106H4[1;54H[?25h[?25l[30;106H3[1;53H[?25h[?25l[1;52H[K[30;106H2[1;52H[?25h[?25l[1;51H[K[30;106H1[1;51H[?25h[?25l[1;50H[K[30;106H0[1;50H[?25h[?25l[1;49H[K[30;105H49[1;49H[?25h[?25l[1;48H[K[30;106H8[1;48H[?25h[?25l[1;47H[K[30;106H7[1;47H[?25h[?25l[1;46H[K[30;106H6[1;46H[?25h[?25l[1;45H[K[30;106H5[1;45H[?25h[?25l[1;44H[K[30;106H4[1;44H[?25h[?25l[1;43H[K[30;106H3[1;43H[?25h[?25lt[30;106H4[1;44H[?25h[?25lh[30;106H5[1;45H[?25h[?25li[30;106H6[1;46H[?25h[?25ls[30;106H7[1;47H[?25h[?25l[30;106H8[1;48H[?25h[?25lp[30;106H9[1;49H[?25h[?25la[30;105H50[1;50H[?25h[?25lr[30;106H1[1;51H[?25h[?25lt[30;106H2[1;52H[?25h[?25l[30;106H3[1;53H[?25h[?25lc[30;106H4[1;54H[?25h[?25lo[30;106H5[1;55H[?25h[?25lm[30;106H6[1;56H[?25h[?25lp[30;106H7[1;57H[?25h[?25ll[30;106H8[1;58H[?25h[?25le[30;106H9[1;59H[?25h[?25ll[30;105H60[1;60H[?25h[?25le[30;106H1[1;61H[?25h[?25l[1;60H[K[30;106H0[1;60H[?25h[?25l[1;59H[K[30;105H59[1;59H[?25h[?25lt[30;105H60[1;60H[?25h[?25le[30;106H1[1;61H[?25h[?25ll[30;106H2[1;62H[?25h[?25ly[30;106H3[1;63H[?25h[?25l[30;106H4[1;64H[?25h[?25lp[30;106H5[1;65H[?25h[?25lr[30;106H6[1;66H[?25h[?25lo[30;106H7[1;67H[?25h[?25lp[30;106H8[1;68H[?25h[?25le[30;106H9[1;69H[?25h[?25lr[30;105H70[1;70H[?25h[?25ll[30;106H1[1;71H[?25h[?25ly[30;106H2[1;72H[?25h[?25l[30;106H3[1;73H[?25h[?25lh[30;106H4[1;74H[?25h[?25la[30;106H5[1;75H[?25h[?25lv[30;106H6[1;76H[?25h[?25li[30;106H7[1;77H[?25h[?25ln[30;106H8[1;78H[?25h[?25lg[30;106H9[1;79H[?25h[?25l[30;105H80[1;80H[?25h[?25ln[30;106H1[1;81H[?25h[?25le[30;106H2[1;82H[?25h[?25lv[30;106H3[1;83H[?25h[?25le[30;106H4[1;84H[?25h[?25lr[30;106H5[1;85H[?25h[?25l[30;106H6[1;86H[?25h[?25lr[30;106H7[1;87H[?25h[?25le[30;106H8[1;88H[?25h[?25lc[30;106H9[1;89H[?25h[?25li[30;105H90[1;90H[?25h[?25le[30;106H1[1;91H[?25h[?25lv[30;106H2[1;92H[?25h[?25le[30;106H3[1;93H[?25h[?25ld[30;106H4[1;94H[?25h[?25l[30;106H5[1;95H[?25h[?25lg[30;106H6[1;96H[?25h[?25lr[30;106H7[1;97H[?25h[?25la[30;106H8[1;98H[?25h[?25ld[30;106H9[1;99H[?25h[?25le[30;105H100[1;100H[?25h[?25ls[30;107H1[1;101H[?25h[?25l[30;107H2[1;102H[?25h[?25lf[30;107H3[1;103H[?25h[?25lo[30;107H4[1;104H[?25h[?25lr[30;107H5[1;105H[?25h[?25l[30;107H6[1;106H[?25h[?25lA[30;107H7[1;107H[?25h[?25ls[30;107H8[1;108H[?25h[?25ls[30;107H9[1;109H[?25h[?25li[30;106H10[1;110H[?25h[?25lg[30;107H1[1;111H[?25h[?25ln[30;107H2[1;112H[?25h[?25lm[30;107H3[1;113H[?25h[?25le[30;107H4[1;114H[?25h[?25ln[30;107H5[1;115H[?25h[?25lt[30;107H6[1;116H[?25h[?25l[30;107H7[1;117H[?25h[?25l1[30;107H8[1;118H[?25h[?25l1[30;107H9[1;119H[?25h[?25l.[30;106H20[1;120H[?25h[?25l[30;107H1[2;1H[?25h[?25lT[2;2H[K[30;107H2[2;2H[?25h[?25lh[30;107H3[2;3H[?25h[?25le[30;107H4[2;4H[?25h[?25l[30;107H5[2;5H[?25h[?25li[30;107H6[2;6H[?25h[?25ln[30;107H7[2;7H[?25h[?25ls[30;107H8[2;8H[?25h[?25lt[30;107H9[2;9H[?25h[?25lr[30;106H30[2;10H[?25h[?25lu[30;107H1[2;11H[?25h[?25lc[30;107H2[2;12H[?25h[?25lt[30;107H3[2;13H[?25h[?25li[30;107H4[2;14H[?25h[?25lo[30;107H5[2;15H[?25h[?25ln[30;107H6[2;16H[?25h[?25ls[30;107H7[2;17H[?25h[?25l[30;107H8[2;18H[?25h[?25lf[30;107H9[2;19H[?25h[?25lo[30;106H40[2;20H[?25h[?25lr[30;107H1[2;21H[?25h[?25l[30;107H2[2;22H[?25h[?25lt[30;107H3[2;23H[?25h[?25lh[30;107H4[2;24H[?25h[?25li[30;107H5[2;25H[?25h[?25ls[30;107H6[2;26H[?25h[?25l[30;107H7[2;27H[?25h[?25l[30;107H6[2;26H[?25h[?25l[2;25H[K[30;107H5[2;25H[?25h[?25l[2;24H[K[30;107H4[2;24H[?25h[?25la[30;107H5[2;25H[?25h[?25lt[30;107H6[2;26H[?25h[?25l[30;107H7[2;27H[?25h[?25la[30;107H8[2;28H[?25h[?25ls[30;107H9[2;29H[?25h[?25ls[30;106H50[2;30H[?25h[?25li[30;107H1[2;31H[?25h[?25lg[30;107H2[2;32H[?25h[?25ln[30;107H3[2;33H[?25h[?25lm[30;107H4[2;34H[?25h[?25le[30;107H5[2;35H[?25h[?25ln[30;107H6[2;36H[?25h[?25lt[30;107H7[2;37H[?25h[?25l[30;107H8[2;38H[?25h[?25lw[30;107H9[2;39H[?25h[?25le[30;106H60[2;40H[?25h[?25lr[30;107H1[2;41H[?25h[?25le[30;107H2[2;42H[?25h[?25l[30;107H3[2;43H[?25h[?25le[30;107H4[2;44H[?25h[?25lx[30;107H5[2;45H[?25h[?25lp[30;107H6[2;46H[?25h[?25l[2;45H[K[30;107H5[2;45H[?25h[?25lt[30;107H6[2;46H[?25h[?25lr[30;107H7[2;47H[?25h[?25lm[30;107H8[2;48H[?25h[?25le[30;107H9[2;49H[?25h[?25l[2;48H[K[30;107H8[2;48H[?25h[?25l[2;47H[K[30;107H7[2;47H[?25h[?25le[30;107H8[2;48H[?25h[?25lm[30;107H9[2;49H[?25h[?25le[30;106H70[2;50H[?25h[?25ll[30;107H1[2;51H[?25h[?25ly[30;107H2[2;52H[?25h[?25l[30;107H3[2;53H[?25h[?25lu[30;107H4[2;54H[?25h[?25ln[30;107H5[2;55H[?25h[?25lc[30;107H6[2;56H[?25h[?25ll[30;107H7[2;57H[?25h[?25le[30;107H8[2;58H[?25h[?25la[30;107H9[2;59H[?25h[?25lr[30;106H80[2;60H[?25h[?25l[30;107H1[2;61H[?25h[?25la[30;107H2[2;62H[?25h[?25ln[30;107H3[2;63H[?25h[?25ld[30;107H4[2;64H[?25h[?25l[30;107H5[2;65H[?25h[?25lI[30;107H6[2;66H[?25h[?25l[30;107H7[2;67H[?25h[?25lw[30;107H8[2;68H[?25h[?25la[30;107H9[2;69H[?25h[?25ls[30;106H90[2;70H[?25h[?25l[30;107H1[2;71H[?25h[?25lw[30;107H2[2;72H[?25h[?25la[30;107H3[2;73H[?25h[?25li[30;107H4[2;74H[?25h[?25lt[30;107H5[2;75H[?25h[?25li[30;107H6[2;76H[?25h[?25ln[30;107H7[2;77H[?25h[?25lg[30;107H8[2;78H[?25h[?25l[30;107H9[2;79H[?25h[?25lf[30;105H200[2;80H[?25h[?25lo[30;107H1[2;81H[?25h[?25lr[30;107H2[2;82H[?25h[?25l[30;107H3[2;83H[?25h[?25lg[30;107H4[2;84H[?25h[?25lr[30;107H5[2;85H[?25h[?25la[30;107H6[2;86H[?25h[?25ld[30;107H7[2;87H[?25h[?25le[30;107H8[2;88H[?25h[?25ls[30;107H9[2;89H[?25h[?25l[30;106H10[2;90H[?25h[?25lt[30;107H1[2;91H[?25h[?25lo[30;107H2[2;92H[?25h[?25l[30;107H3[2;93H[?25h[?25lm[30;107H4[2;94H[?25h[?25la[30;107H5[2;95H[?25h[?25ly[30;107H6[2;96H[?25h[?25lb[30;107H7[2;97H[?25h[?25le[30;107H8[2;98H[?25h[?25l[30;107H9[2;99H[?25h[?25lg[30;106H20[2;100H[?25h[?25le[30;107H1[2;101H[?25h[?25lt[30;107H2[2;102H[?25h[?25l[30;107H3[2;103H[?25h[?25la[30;107H4[2;104H[?25h[?25l[30;107H5[2;105H[?25h[?25lg[30;107H6[2;106H[?25h[?25ll[30;107H7[2;107H[?25h[?25li[30;107H8[2;108H[?25h[?25lp[30;107H9[2;109H[?25h[?25ls[30;106H30[2;110H[?25h[?25le[30;107H1[2;111H[?25h[?25l[30;107H2[2;112H[?25h[?25la[30;107H3[2;113H[?25h[?25lt[30;107H4[2;114H[?25h[?25l[30;107H5[2;115H[?25h[?25lw[30;107H6[2;116H[?25h[?25lh[30;107H7[2;117H[?25h[?25la[30;107H8[2;118H[?25h[?25lt[30;107H9[2;119H[?25h[?25l[30;106H40[2;120H[?25h[?25lw[30;107H1[3;1H[?25h[?25la[3;2H[K[30;107H2[3;2H[?25h[?25ls[30;107H3[3;3H[?25h[?25l[30;107H4[3;4H[?25h[?25le[30;107H5[3;5H[?25h[?25l[3;4H[K[30;107H4[3;4H[?25h[?25la[30;107H5[3;5H[?25h[?25lc[30;107H6[3;6H[?25h[?25lt[30;107H7[3;7H[?25h[?25lu[30;107H8[3;8H[?25h[?25la[30;107H9[3;9H[?25h[?25ll[30;106H50[3;10H[?25h[?25ll[30;107H1[3;11H[?25h[?25ly[30;107H2[3;12H[?25h[?25l[30;107H3[3;13H[?25h[?25ls[30;107H4[3;14H[?25h[?25lu[30;107H5[3;15H[?25h[?25lp[30;107H6[3;16H[?25h[?25lp[30;107H7[3;17H[?25h[?25lo[30;107H8[3;18H[?25h[?25ls[30;107H9[3;19H[?25h[?25le[30;106H60[3;20H[?25h[?25ld[30;107H1[3;21H[?25h[?25l[30;107H2[3;22H[?25h[?25lt[30;107H3[3;23H[?25h[?25lo[30;107H4[3;24H[?25h[?25l[30;107H5[3;25H[?25h[?25lb[30;107H6[3;26H[?25h[?25le[30;107H7[3;27H[?25h[?25l[30;107H8[3;28H[?25h[?25ld[30;107H9[3;29H[?25h[?25lo[30;106H70[3;30H[?25h[?25ln[30;107H1[3;31H[?25h[?25le[30;107H2[3;32H[?25h[?25l.[30;107H3[3;33H[?25h[?25l[30;107H4[3;34H[?25h[?25lN[30;107H5[3;35H[?25h[?25lE[30;107H6[3;36H[?25h[?25lv[30;107H7[3;37H[?25h[?25le[30;107H8[3;38H[?25h[?25lr[30;107H9[3;39H[?25h[?25lt[30;106H80[3;40H[?25h[?25lh[30;107H1[3;41H[?25h[?25l[3;40H[K[30;107H0[3;40H[?25h[?25l[3;39H[K[30;106H79[3;39H[?25h[?25l[3;38H[K[30;107H8[3;38H[?25h[?25l[3;37H[K[30;107H7[3;37H[?25h[?25l[3;36H[K[30;107H6[3;36H[?25h[?25l[3;35H[K[30;107H5[3;35H[?25h[?25le[30;107H6[3;36H[?25h[?25lv[30;107H7[3;37H[?25h[?25le[30;107H8[3;38H[?25h[?25lr[30;107H9[3;39H[?25h[?25lt[30;106H80[3;40H[?25h[?25lh[30;107H1[3;41H[?25h[?25le[30;107H2[3;42H[?25h[?25ll[30;107H3[3;43H[?25h[?25le[30;107H4[3;44H[?25h[?25ls[30;107H5[3;45H[?25h[?25ls[30;107H6[3;46H[?25h[?25l[30;107H7[3;47H[?25h[?25lI[30;107H8[3;48H[?25h[?25l'[30;107H9[3;49H[?25h[?25lv[30;106H90[3;50H[?25h[?25le[30;107H1[3;51H[?25h[?25l[30;107H2[3;52H[?25h[?25lt[30;107H3[3;53H[?25h[?25lr[30;107H4[3;54H[?25h[?25li[30;107H5[3;55H[?25h[?25le[30;107H6[3;56H[?25h[?25l[30;107H7[3;57H[?25h[?25l[30;107H6[3;56H[?25h[?25ld[30;107H7[3;57H[?25h[?25l[30;107H8[3;58H[?25h[?25lt[30;107H9[3;59H[?25h[?25lo[30;105H300[3;60H[?25h[?25l[30;107H1[3;61H[?25h[?25li[30;107H2[3;62H[?25h[?25lm[30;107H3[3;63H[?25h[?25lp[30;107H4[3;64H[?25h[?25ll[30;107H5[3;65H[?25h[?25le[30;107H6[3;66H[?25h[?25lm[30;107H7[3;67H[?25h[?25le[30;107H8[3;68H[?25h[?25ln[30;107H9[3;69H[?25h[?25lt[30;106H10[3;70H[?25h[?25l[30;107H1[3;71H[?25h[?25lt[30;107H2[3;72H[?25h[?25lh[30;107H3[3;73H[?25h[?25le[30;107H4[3;74H[?25h[?25l[3;73H[K[30;107H3[3;73H[?25h[?25l[3;72H[K[30;107H2[3;72H[?25h[?25l[3;71H[K[30;107H1[3;71H[?25h[?25lP[30;107H2[3;72H[?25h[?25la[30;107H3[3;73H[?25h[?25lr[30;107H4[3;74H[?25h[?25lt[30;107H5[3;75H[?25h[?25l[30;107H6[3;76H[?25h[?25lI[30;107H7[3;77H[?25h[?25lI[30;107H8[3;78H[?25h[?25lI[30;107H9[3;79H[?25h[?25l[30;106H20[3;80H[?25h[?25lb[30;107H1[3;81H[?25h[?25lu[30;107H2[3;82H[?25h[?25lt[30;107H3[3;83H[?25h[?25l[30;107H4[3;84H[?25h[?25li[30;107H5[3;85H[?25h[?25lt[30;107H6[3;86H[?25h[?25l[30;107H7[3;87H[?25h[?25lr[30;107H8[3;88H[?25h[?25l[3;87H[K[30;107H7[3;87H[?25h[?25l[30;107H6[3;86H[?25h[?25l[3;85H[K[30;107H5[3;85H[?25h[?25l[3;84H[K[30;107H4[3;84H[?25h[?25lh[30;107H5[3;85H[?25h[?25la[30;107H6[3;86H[?25h[?25lv[30;107H7[3;87H[?25h[?25le[30;107H8[3;88H[?25h[?25l[30;107H9[3;89H[?25h[?25ln[30;106H30[3;90H[?25h[?25lo[30;107H1[3;91H[?25h[?25lt[30;107H2[3;92H[?25h[?25l[30;107H3[3;93H[?25h[?25lb[30;107H4[3;94H[?25h[?25le[30;107H5[3;95H[?25h[?25le[30;107H6[3;96H[?25h[?25ln[30;107H7[3;97H[?25h[?25l[30;107H8[3;98H[?25h[?25la[30;107H9[3;99H[?25h[?25lb[30;106H40[3;100H[?25h[?25ll[30;107H1[3;101H[?25h[?25le[30;107H2[3;102H[?25h[?25l[30;107H3[3;103H[?25h[?25lt[30;107H4[3;104H[?25h[?25lo[30;107H5[3;105H[?25h[?25l[30;107H6[3;106H[?25h[?25lg[30;107H7[3;107H[?25h[?25le[30;107H8[3;108H[?25h[?25lt[30;107H9[3;109H[?25h[?25l[30;106H50[3;110H[?25h[?25li[30;107H1[3;111H[?25h[?25lt[30;107H2[3;112H[?25h[?25l[30;107H3[3;113H[?25h[?25lt[30;107H4[3;114H[?25h[?25lo[30;107H5[3;115H[?25h[?25l[30;107H6[3;116H[?25h[?25lr[30;107H7[3;117H[?25h[?25lu[30;107H8[3;118H[?25h[?25ln[30;107H9[3;119H[?25h[?25l.[30;106H60[3;120H[?25h[30;1H[K[3;119H[?25l[30;103H1,359[9CAll[3;119H[?25h[?25l[30;103H[K[30;1H:[?2004h[?25hwq[?25l[?2004l"read.txt" 1L, 360C written[23;2t[23;1t
[?2004l[?1l>[?25h[>4;m[?1049l[23;0;0thunter2e@th121-3:~/LBP/life/FINAL.TUOHEY/ASSIGNMENT_11$ ls
main.c	perceptron.c  perceptron.h  read.txt  train.dat  typescript
hunter2e@th121-3:~/LBP/life/FINAL.TUOHEY/ASSIGNMENT_11$ vim perceptron.h
[?1049h[22;0;0t[>4;2m[?1h=[?2004h[1;30r[?12h[?12l[22;2t[22;1t[27m[23m[29m[m[H[2J[?25l[30;1H"perceptron.h" 19L, 309C[2;1Hâ–½[6n[2;1H  [1;1H[>c]10;?]11;?[1;1H[35m#ifndef PERCEPTRON_H
#define PERCEPTRON_H[m

[32mtypedef[m [32mstruct[m data *Data;
[32mtypedef[m [32mstruct[m model *Model;

[34m// Building[m
Data new_Data([32mconst[m [32mchar[m *fname);
Model new_Model([32mconst[m Data data);

[34m// Training[m
[32mvoid[m fit_model(Model model, Data data);

[34m// Testing

// Scoring[m
[32mvoid[m run_scoring_engine([32mconst[m Model model);

[35m#endif[m
[94m~                                                                                                                       [21;1H~                                                                                                                       [22;1H~                                                                                                                       [23;1H~                                                                                                                       [24;1H~                                                                                                                       [25;1H~                                                                                                                       [26;1H~                                                                                                                       [27;1H~                                                                                                                       [28;1H~                                                                                                                       [29;1H~                                                                                                                       [m[30;103H1,1[11CAll[1;1H[?25h[?25l[30;1H[1m-- INSERT --[m[30;13H[K[30;103H1,1[11CAll[1;1H[?25h[?25l[30;103H2[2;1H[?25h[?25l[30;103H3[3;1H[?25h[?25l[30;103H4[4;1H[?25h[?25l[30;103H5[5;1H[?25h[?25l[30;103H6[6;1H[?25h[?25l[30;103H7[7;1H[?25h[?25l[30;103H8[8;1H[?25h[?25l[30;103H9[9;1H[?25h[?25l[30;103H10,1[10;1H[?25h[?25l[30;104H1[11;1H[?25h[?25l[30;104H2[12;1H[?25h[?25l[30;104H3[13;1H[?25h[?25l[30;104H4[14;1H[?25h[?25l[30;104H5[15;1H[?25h[?25lv[30;106H2[15;2H[?25h[?25lo[30;106H3[15;3H[?25h[?25li[30;106H4[15;4H[?25h[?25l[32mvoid[m[30;106H5[15;5H[?25h[?25l[30;106H6[15;6H[?25h[?25le[30;106H7[15;7H[?25h[?25lv[30;106H8[15;8H[?25h[?25la[30;106H9[15;9H[?25h[?25ll[30;106H10[15;10H[?25h[?25lu[30;107H1[15;11H[?25h[?25la[30;107H2[15;12H[?25h[?25lt[30;107H3[15;13H[?25h[?25le[30;107H4[15;14H[?25h[?25l_[30;107H5[15;15H[?25h[?25lm[30;107H6[15;16H[?25h[?25lo[30;107H7[15;17H[?25h[?25ld[30;107H8[15;18H[?25h[?25le[30;107H9[15;19H[?25h[?25ll[30;106H20[15;20H[?25h[?25l([30;107H1[15;21H[?25h[?25lM[30;107H2[15;22H[?25h[?25lo[30;107H3[15;23H[?25h[?25ld[30;107H4[15;24H[?25h[?25le[30;107H5[15;25H[?25h[?25ll[30;107H6[15;26H[?25h[?25l[30;107H7[15;27H[?25h[?25lm[30;107H8[15;28H[?25h[?25lo[30;107H9[15;29H[?25h[?25ld[30;106H30[15;30H[?25h[?25le[30;107H1[15;31H[?25h[?25ll[30;107H2[15;32H[?25h[?25l,[30;107H3[15;33H[?25h[?25l[30;107H4[15;34H[?25h[?25lD[30;107H5[15;35H[?25h[?25la[30;107H6[15;36H[?25h[?25lt[30;107H7[15;37H[?25h[?25la[30;107H8[15;38H[?25h[?25l,[30;107H9[15;39H[?25h[?25l[30;106H40[15;40H[?25h[?25l[30;106H39[15;39H[?25h[?25l[15;38H[K[30;107H8[15;38H[?25h[?25l[30;107H9[15;39H[?25h[?25ld[30;106H40[15;40H[?25h[?25la[30;107H1[15;41H[?25h[?25lt[30;107H2[15;42H[?25h[?25la[30;107H3[15;43H[?25h[?25l)[15;20H[106m([22C)[m[30;107H4[15;44H[?25h[?25l;[15;20H([22C)[30;107H5[15;45H[?25h[30;1H[K[15;44H[?25l[30;103H15,44[9CAll[15;44H[?25h[?25l[30;103H[K[30;1H:[?2004h[?25hwq[?25l[?2004l"perceptron.h" 19L, 353C written[23;2t[23;1t
[?2004l[?1l>[?25h[>4;m[?1049l[23;0;0thunter2e@th121-3:~/LBP/life/FINAL.TUOHEY/ASSIGNMENT_11$ vim perceptron.[K.c
[?1049h[22;0;0t[>4;2m[?1h=[?2004h[1;30r[?12h[?12l[22;2t[22;1t[27m[23m[29m[m[H[2J[?25l[30;1H[97m[41mE325: ATTENTION[m
Found a swap file by the name ".perceptron.c.swp"
[10Cowned by: hunter2e   dated: Tue Nov 29 13:59:55 2022
[9Cfile name: ~hunter2e/LBP/life/ASSIGNMENT_11/perceptron.c
[10Cmodified: YES
[9Cuser name: hunter2e   host name: th121-2
[8Cprocess ID: 356589
While opening file "perceptron.c"
[13Cdated: Mon Dec 19 16:15:50 2022
      NEWER than swap file!

(1) Another program may be editing the same file.  If this is the case,
    be careful not to end up with two different instances of the same
    file when making changes.  Quit, or continue with caution.
(2) An edit session for this file crashed.
    If this is the case, use ":recover" or "vim -r perceptron.c"
    to recover the changes (see ":help recovery").
    If you did this already, delete the swap file ".perceptron.c.swp"
    to avoid this message.

[32mSwap file ".perceptron.c.swp" already exists![m
[32m[O]pen Read-Only, (E)dit anyway, (R)ecover, (D)elete it, (Q)uit, (A)bort: [?25h[m[30;1H[K[?25l[30;1H"perceptron.c" 120L, 2701C[2;1Hâ–½[6n[2;1H  [1;1H[>c]10;?]11;?[1;1H[35m#include [m[31m<stdbool.h>[m
[35m#include [m[31m<stdio.h>[m
[35m#include [m[31m<stdlib.h>[m
[35m#include [m[31m"perceptron.h"[m

[32mstruct[m data {
    [32mdouble[m *elements;
    [32mdouble[m inputs[[31m10[m][[31m10[m];
    [32mint[m targets[[31m10[m];[10;1H[K[11;1H[32mstruct[m shape{[11;14H[K[12;5H[32mint[m features;[12;18H[K[13;5H[32mint[m examples;[13;18H[K[14;1H};[14;10H[K[15;9H[K[16;1H};[16;3H[K[17;14H[K[18;1H[32mstruct[m model {[18;15H[K[19;5H[32mdouble[m *weights;
    [32mdouble[m weight[[31m10[m];[20;23H[K[21;5H[K[22;1H[32mstruct[m shape{[22;15H[K[23;1H    [32mint[m dim;[23;13H[K[24;1H};[24;5H[K[25;5H[K[26;1H};[26;5H[K[27;5H[K[28;1HData new_Data([32mconst[m [32mchar[m *fname)
{[29;2H[K[30;103H1,1[11CTop[1;1H[?25h[?25l[30;1H[1m-- INSERT --[m[30;13H[K[30;103H1,1[11CTop[1;1H[?25h[?25l[30;103H2[2;1H[?25h[?25l[30;103H3[3;1H[?25h[?25l[30;103H4[4;1H[?25h[?25l[30;103H5[5;1H[?25h[?25l[30;103H6[6;1H[?25h[?25l[30;103H7[7;1H[?25h[?25l[30;103H8[8;1H[?25h[?25l[30;103H9[9;1H[?25h[?25l[30;103H10,1[10;1H[?25h[?25l[30;104H1[11;1H[?25h[?25l[30;104H2[12;1H[?25h[?25l[30;104H3[13;1H[?25h[?25l[11;13H[106m{


}[m[30;104H4[14;1H[?25h[?25l[11;13H{


}[30;104H5[15;1H[?25h[?25l[6;13H[106m{[16;1H}[m[30;104H6[16;1H[?25h[?25l[6;13H{[16;1H}[30;104H7[17;1H[?25h[?25l[30;104H8[18;1H[?25h[?25l[30;104H9[19;1H[?25h[?25l[30;103H20[20;1H[?25h[?25l[30;104H1[21;1H[?25h[?25l[30;104H2[22;1H[?25h[?25l[30;104H3[23;1H[?25h[?25l[22;13H[106m{

}[m[30;104H4[24;1H[?25h[?25l[22;13H{

}[30;104H5[25;1H[?25h[?25l[18;14H[106m{[26;1H}[m[30;104H6[26;1H[?25h[?25l[18;14H{[26;1H}[30;104H7[27;1H[?25h[?25l[30;104H8[28;1H[?25h[?25l[30;104H9[29;1H[?25h[?25l[1;29r[29;1H
[1;30r[29;5HData data = (Data) malloc([38;5;130msizeof[m(Data));[30;103H[K[30;103H30,1[11C1%[29;1H[?25h[?25l[1;29r[29;1H
[1;30r[29;5Hdata->elements = ([32mdouble[m*) malloc(Data->shape->number_of_examples * [38;5;130msizeof[m([32mdouble[m));[30;103H[K[30;103H31,1[11C2%[29;1H[?25h[?25l[1;29r[29;1H
[1;30r[30;103H[K[30;103H32,1[11C3%[29;1H[?25h[?25l[1;29r[29;1H
[1;30r[29;5H[38;5;130mreturn[m data;[30;103H[K[30;103H33,1[11C4%[29;1H[?25h[?25l[1;29r[29;1H
[1;30r[29;1H}[30;103H[K[30;103H34,1[11C5%[24;1H[106m{[29;1H}[?25h[?25l[1;29r[m[29;1H
[1;30r[30;103H[K[30;103H35,1[11C6%[23;1H{[28;1H}
[?25h[?25l[1;29r[29;1H
[1;30r[29;1H[32mstatic[m [32mvoid[m load_data([32mchar[m *fname, Data x, Data y, Data targets)[30;103H[K[30;103H36,1[11C7%[29;1H[?25h[?25l[1;29r[29;1H
[1;30r[29;1H{[30;103H[K[30;103H37,1[11C8%[29;1H[?25h[?25l[1;29r[29;1H
[1;30r[29;5H[32mFILE[m *fp;[30;103H[K[30;103H38,1[11C9%[29;1H[?25h[?25l[1;29r[29;1H
[1;30r[30;103H[K[30;103H39,1[10C10%[29;1H[?25h[?25l[1;29r[29;1H
[1;30r[29;5H[38;5;130mif[m ((fp = fopen(fname, [31m"r"[m)) == [31mNULL[m)  {[30;103H[K[30;103H40,1[10C12%[29;1H[?25h[?25l[1;29r[29;1H
[1;30r[29;9Hfprintf([31mstderr[m, [31m"load_data: can't open [m[35m%s\n[m[31m"[m, fname);[30;103H[K[30;103H41,1[10C13%[29;1H[?25h[?25l[1;29r[29;1H
[1;30r[29;9Hexit([31m1[m);[30;103H[K[30;103H42,1[10C14%[29;1H[?25h[?25l[1;29r[29;1H
[1;30r[29;5H}[30;103H[K[30;103H43,1[10C15%[29;1H[?25h[?25l[1;29r[29;1H
[1;30r[30;103H[K[30;103H44,1[10C16%[29;1H[?25h[?25l[1;29r[29;1H
[1;30r[29;5H[32mint[m i = [31m0[m;[30;103H[K[30;103H45,1[10C17%[29;1H[?25h[?25l[1;29r[29;1H
[1;30r[29;5H[34m//while (fscanf(fp, "%lf %lf %lf", &x[i], &y[i], &targets[i]) != EOF)[m[30;103H[K[30;103H46,1[10C18%[29;1H[?25h[?25l[1;29r[29;1H
[1;30r[29;5H[38;5;130mwhile[m (fscanf(fp, [31m"[m[35m%lf[m[31m [m[35m%lf[m[31m [m[35m%lf[m[31m"[m, &(x->elements[i]), &(y->elements[i]), &(targets->elements[i])) != [31mEOF[m)[30;103H[K[30;103H47,1[10C19%[29;1H[?25h[?25l[1;29r[29;1H
[1;30r[29;9Hi++;[30;103H[K[30;103H48,1[10C20%[29;1H[?25h[?25l[1;29r[29;1H
[1;30r[30;103H[K[30;103H49,1[10C21%[29;1H[?25h[?25l[1;29r[29;1H
[1;30r[29;5Hfclose(fp);[30;103H[K[30;103H50,1[10C23%[29;1H[?25h[?25l[1;29r[29;1H
[1;30r[30;103H[K[30;103H51,1[10C24%[29;1H[?25h[?25l[1;29r[29;1H
[1;30r[29;5Hfprintf([31mstdout[m, [31m"load_data: loaded [m[35m%d[m[31m examples[m[35m\n[m[31m"[m, i);[30;103H[K[30;103H52,1[10C25%[29;1H[?25h[?25l[1;29r[29;1H
[1;30r[29;1H}[30;103H[K[30;103H53,1[10C26%[13;1H[106m{[29;1H}[?25h[?25l[1;29r[m[29;1H
[1;30r[30;103H[K[30;103H54,1[10C27%[12;1H{[28;1H}
[?25h[?25l[1;29r[29;1H
[1;30r[29;1HModel new_Model()[30;103H[K[30;103H55,1[10C28%[29;1H[?25h[?25l[1;29r[29;1H
[1;30r[29;1H{[30;103H[K[30;103H56,1[10C29%[29;1H[?25h[?25l[1;29r[29;1H
[1;30r[29;5HModel model = (Model) malloc([38;5;130msizeof[m(Model));[30;103H[K[30;103H57,1[10C30%[29;1H[?25h[?25l[1;29r[29;1H
[1;30r[29;5Hmodel->weights = ([32mdouble[m*) malloc(DIMENSIONS * [38;5;130msizeof[m([32mdouble[m));[30;103H[K[30;103H58,1[10C31%[29;1H[?25h[?25l[1;29r[29;1H
[1;30r[29;5Hinitialize_model(Model model);[30;103H[K[30;103H59,1[10C32%[29;1H[?25h[?25l[1;29r[29;1H
[1;30r[29;5H[38;5;130mreturn[m model;[30;103H[K[30;103H60,1[10C34%[29;1H[?25h[?25l[1;29r[29;1H
[1;30r[29;1H}[30;103H[K[30;103H61,1[10C35%[24;1H[106m{[29;1H}[?25h[?25l[1;29r[m[29;1H
[1;30r[30;103H[K[30;103H62,1[10C36%[23;1H{[28;1H}
[?25h[?25l[1;29r[29;1H
[1;30r[29;1H[32mstatic[m [32mvoid[m initialize_model(Model model)[30;103H[K[30;103H63,1[10C37%[29;1H[?25h[?25l[1;29r[29;1H
[1;30r[29;1H{[30;103H[K[30;103H64,1[10C38%[29;1H[?25h[?25l[1;29r[29;1H
[1;30r[29;5H[38;5;130mfor[m ([32mint[m i = [31m0[m; i < DIMENSIONS; i++)[30;103H[K[30;103H65,1[10C39%[29;1H[?25h[?25l[1;29r[29;1H
[1;30r[29;9Hmodel->weights[i] = ([32mdouble[m) rand() / [31mRAND_MAX[m;[30;103H[K[30;103H66,1[10C40%[29;1H[?25h[?25l[30;104H5[28;1H[?25h[?25l[30;104H6[29;1H[?25h[?25l[1;29r[29;1H
[1;30r[29;1H}[30;103H[K[30;103H67,1[10C41%[26;1H[106m{


}[?25h[?25l[1;29r[m[29;1H
[1;30r[30;103H[K[30;103H68,1[10C42%[25;1H{


}
[?25h[?25l[1;29r[29;1H
[1;30r[29;1H[32mstatic[m [32mvoid[m sgd(Model model, Data data)[30;103H[K[30;103H69,1[10C43%[29;1H[?25h[?25l[1;29r[29;1H
[1;30r[29;1H{[30;103H[K[30;103H70,1[10C45%[29;1H[?25h[?25l[1;29r[29;1H
[1;30r[29;5Hmodel->weights[[31m2[m] += target * xcoord;[30;103H[K[30;103H71,1[10C46%[29;1H[?25h[?25l[1;29r[29;1H
[1;30r[29;5Hmodel->weights[[31m1[m] += target * ycoord;[30;103H[K[30;103H72,1[10C47%[29;1H[?25h[?25l[1;29r[29;1H
[1;30r[29;5H[34m//weights[0] = weights[0];[m[30;103H[K[30;103H73,1[10C48%[29;1H[?25h[?25l[1;29r[29;1H
[1;30r[29;5Hmodel->weights[[31m0[m] += target * [31m1[m;[30;103H[K[30;103H74,1[10C49%[29;1H[?25h[?25l[1;29r[29;1H
[1;30r[29;1H}[30;103H[K[30;103H75,1[10C50%[24;1H[106m{[29;1H}[?25h[?25l[1;29r[m[29;1H
[1;30r[30;103H[K[30;103H76,1[10C51%[23;1H{[28;1H}
[?25h[?25l[1;29r[29;1H
[1;30r[29;2H[32mstatic[m [32mint[m predict(Model model, Data data)[30;103H[K[30;103H77,1[10C52%[29;1H[?25h[?25l[1;29r[29;1H
[1;30r[29;1H{[30;103H[K[30;103H78,1[10C53%[29;1H[?25h[?25l[1;29r[29;1H
[1;30r[29;5H[32mdouble[m hypothesis = model->weights[[31m2[m] * xcoord + model->weights[[31m1[m] * ycoord + model->weights[[31m0[m];[30;103H[K[30;103H79,1[10C54%[29;1H[?25h[?25l[1;29r[29;1H
[1;30r[29;5H[38;5;130mreturn[m (hypothesis < [31m0[m) ? -[31m1[m : [31m1[m;[30;103H[K[30;103H80,1[10C56%[29;1H[?25h[?25l[1;29r[29;1H
[1;30r[29;1H}[30;103H[K[30;103H81,1[10C57%[26;1H[106m{


}[?25h[?25l[1;29r[m[29;1H
[1;30r[30;103H[K[30;103H82,1[10C58%[25;1H{


}
[?25h[?25l[1;29r[29;1H
[1;30r[29;1H[32mvoid[m fit_model(Model model, Data data)[30;103H[K[30;103H83,1[10C59%[29;1H[?25h[?25l[1;29r[29;1H
[1;30r[29;1H{[30;103H[K[30;103H84,1[10C60%[29;1H[?25h[?25l[1;29r[29;1H
[1;30r[29;5H[32mdouble[m hypothesis, target;[30;103H[K[30;103H85,1[10C61%[29;1H[?25h[?25l[1;29r[29;1H
[1;30r[30;103H[K[30;103H86,1[10C62%[29;1H[?25h[?25l[1;29r[29;1H
[1;30r[29;5H[32mbool[m misclassified = [31mtrue[m;[30;103H[K[30;103H87,1[10C63%[29;1H[?25h[?25l[1;29r[29;1H
[1;30r[29;5H[38;5;130mwhile[m (misclassified) {[30;103H[K[30;103H88,1[10C64%[29;1H[?25h[?25l[1;29r[29;1H
[1;30r[29;9Hmisclassified = [31mfalse[m;[30;103H[K[30;103H89,1[10C65%[29;1H[?25h[?25l[1;29r[29;1H
[1;30r[29;9H[38;5;130mfor[m ([32mint[m i = [31m0[m; i < number_of_examples; i++) {[30;103H[K[30;103H90,1[10C67%[29;1H[?25h[?25l[30;103H89[28;1H[?25h[?25l[30;104H8[27;1H[?25h[?25l[30;104H7[26;1H[?25h[?25l[30;104H6[25;1H[?25h[?25l[30;104H5[24;1H[?25h[?25l[30;104H4[23;1H[?25h[?25l[30;104H3[22;1H[?25h[?25l[30;104H2[21;1H[?25h[?25l[17;1H[106m{


}[m[30;104H1[20;1H[?25h[?25l[17;1H{


}[30;104H0[19;1H[?25h[?25l[30;103H79[18;1H[?25h[?25l[17;1H[106m{


}[m[30;104H8[17;1H[?25h[?25l{


}[30;104H7[16;1H[?25h[?25l[30;104H6[15;1H[?25h[?25l[16;29r[16;1H[L[1;30r[30;103H[K[30;103H77,1[10C66%[16;1H[?25h[?25l[17;29r[17;1H[L[1;30r[30;103H[K[30;103H78,1[10C65%[17;1H[?25h[?25l[18;29r[18;1H[L[1;30r[30;103H[K[30;103H79,1[10C64%[18;1H[?25h[?25l[30;104H8[17;1H[?25h[?25l[30;104H7[16;1H[?25h[?25lv[30;106H2[16;2H[?25h[?25lo[30;106H3[16;3H[?25h[?25li[30;106H4[16;4H[?25h[?25l[32mvoid[m[30;106H5[16;5H[?25h[?25l[30;106H6[16;6H[?25h[?25le[30;106H7[16;7H[?25h[?25lv[30;106H8[16;8H[?25h[?25la[30;106H9[16;9H[?25h[?25ll[30;106H10[16;10H[?25h[?25lu[30;107H1[16;11H[?25h[?25la[30;107H2[16;12H[?25h[?25lt[30;107H3[16;13H[?25h[?25le[30;107H4[16;14H[?25h[?25l_[30;107H5[16;15H[?25h[?25lm[30;107H6[16;16H[?25h[?25lo[30;107H7[16;17H[?25h[?25ld[30;107H8[16;18H[?25h[?25le[30;107H9[16;19H[?25h[?25ll[30;106H20[16;20H[?25h[?25l([20;1H[97m[101m{


}


{[m[30;107H1[16;21H[?25h[?25lM[30;107H2[16;22H[?25h[?25lo[30;107H3[16;23H[?25h[?25ld[30;107H4[16;24H[?25h[?25le[30;107H5[16;25H[?25h[?25ll[30;107H6[16;26H[?25h[?25l[30;107H7[16;27H[?25h[?25lm[30;107H8[16;28H[?25h[?25lo[30;107H9[16;29H[?25h[?25ld[30;106H30[16;30H[?25h[?25le[30;107H1[16;31H[?25h[?25ll[30;107H2[16;32H[?25h[?25l,[30;107H3[16;33H[?25h[?25l[30;107H4[16;34H[?25h[?25lD[30;107H5[16;35H[?25h[?25la[30;107H6[16;36H[?25h[?25lt[30;107H7[16;37H[?25h[?25la[30;107H8[16;38H[?25h[?25l[30;107H9[16;39H[?25h[?25ld[30;106H40[16;40H[?25h[?25la[30;107H1[16;41H[?25h[?25lt[30;107H2[16;42H[?25h[?25la[30;107H3[16;43H[?25h[?25l)[20;1H{


}


{[16;20H[106m([22C)[m[30;107H4[16;44H[?25h[?25l{[16;20H([22C)[30;107H5[16;45H[?25h[?25l[17;29r[17;1H[L[1;30r[30;103H[K[30;103H78,1[10C64%[17;1H[?25h[?25l[18;29r[18;1H[L[1;30r[30;103H[K[30;103H79,1[10C63%[18;1H[?25h[?25l}[16;44H[106m{

}[m[30;106H2[18;2H[?25h[?25l[16;44H{

}[30;104H8,1[17;1H[?25h[?25l[30;106H2-9[17;9H[?25h[?25l/[30;106H3-10[17;10H[?25h[?25l[34m//[m[30;106H4-11[17;11H[?25h[?25l[34mT[m[30;106H5-12[17;12H[?25h[?25l[34mO[m[30;106H6-13[17;13H[?25h[?25l[34m [m[30;106H7-14[17;14H[?25h[?25l[34mD[m[30;106H8-15[17;15H[?25h[?25l[34mO[m[30;106H9-16[17;16H[?25h[?25l[34m [m[30;106H10-17[17;17H[?25h[?25l[34mI[m[30;107H1-18[17;18H[?25h[?25l[34mn[m[30;107H2-19[17;19H[?25h[?25l[34mt[m[30;107H3-20[17;20H[?25h[?25l[34mr[m[30;107H4-21[17;21H[?25h[?25l[34mu[m[30;107H5-22[17;22H[?25h[?25l[34mc[m[30;107H6-23[17;23H[?25h[?25l[34mt[m[30;107H7-24[17;24H[?25h[?25l[34mi[m[30;107H8-25[17;25H[?25h[?25l[34mo[m[30;107H9-26[17;26H[?25h[?25l[34mn[m[30;106H20-27[17;27H[?25h[?25l[34ms[m[30;107H1-28[17;28H[?25h[?25l[34m [m[30;107H2-29[17;29H[?25h[?25l[34mu[m[30;107H3-30[17;30H[?25h[?25l[34mn[m[30;107H4-31[17;31H[?25h[?25l[34mc[m[30;107H5-32[17;32H[?25h[?25l[34ml[m[30;107H6-33[17;33H[?25h[?25l[34me[m[30;107H7-34[17;34H[?25h[?25l[34ma[m[30;107H8-35[17;35H[?25h[?25l[34mr[m[30;107H9-36[17;36H[?25h[?25l[34m [m[30;106H30-37[17;37H[?25h[?25l[34mn[m[30;107H1-38[17;38H[?25h[?25l[34mo[m[30;107H2-39[17;39H[?25h[?25l[34m [m[30;107H3-40[17;40H[?25h[?25l[34mc[m[30;107H4-41[17;41H[?25h[?25l[34ml[m[30;107H5-42[17;42H[?25h[?25l[34mu[m[30;107H6-43[17;43H[?25h[?25l[34me[m[30;107H7-44[17;44H[?25h[?25l[34m [m[30;107H8-45[17;45H[?25h[?25l[34mw[m[30;107H9-46[17;46H[?25h[?25l[34mh[m[30;106H40-47[17;47H[?25h[?25l[34ma[m[30;107H1-48[17;48H[?25h[?25l[17;47H[K[30;107H0-47[17;47H[?25h[?25l[17;46H[K[30;106H39-46[17;46H[?25h[?25l[17;45H[K[30;107H8-45[17;45H[?25h[?25l[17;44H[K[30;107H7-44[17;44H[?25h[?25l[17;43H[K[30;107H6-43[17;43H[?25h[?25l[17;42H[K[30;107H5-42[17;42H[?25h[?25l[17;41H[K[30;107H4-41[17;41H[?25h[?25l[17;40H[K[30;107H3-40[17;40H[?25h[?25l[17;39H[K[30;107H2-39[17;39H[?25h[?25l[17;38H[K[30;107H1-38[17;38H[?25h[?25l[17;37H[K[30;107H0-37[17;37H[?25h[?25l[17;36H[K[30;106H29-36[17;36H[?25h[?25l[34m [m[30;106H30-37[17;37H[?25h[?25l[34mf[m[30;107H1-38[17;38H[?25h[?25l[34mr[m[30;107H2-39[17;39H[?25h[?25l[34mo[m[30;107H3-40[17;40H[?25h[?25l[34mm[m[30;107H4-41[17;41H[?25h[?25l[34m [m[30;107H5-42[17;42H[?25h[?25l[34mA[m[30;107H6-43[17;43H[?25h[?25l[34mS[m[30;107H7-44[17;44H[?25h[?25l[17;43H[K[30;107H6-43[17;43H[?25h[?25l[17;42H[K[30;107H5-42[17;42H[?25h[?25l[34ma[m[30;107H6-43[17;43H[?25h[?25l[34ms[m[30;107H7-44[17;44H[?25h[?25l[34ms[m[30;107H8-45[17;45H[?25h[?25l[34mi[m[30;107H9-46[17;46H[?25h[?25l[34mg[m[30;106H40-47[17;47H[?25h[?25l[34mn[m[30;107H1-48[17;48H[?25h[?25l[34mm[m[30;107H2-49[17;49H[?25h[?25l[34me[m[30;107H3-50[17;50H[?25h[?25l[34mn[m[30;107H4-51[17;51H[?25h[?25l[34mt[m[30;107H5-52[17;52H[?25h[?25l[34m [m[30;107H6-53[17;53H[?25h[?25l[34m1[m[30;107H7-54[17;54H[?25h[?25l[34m1[m[30;107H8-55[17;55H[?25h[?25l[34m.[m[30;107H9-56[17;56H[?25h[?25l[34m [m[30;106H50-57[17;57H[?25h[?25l[34ms[m[30;107H1-58[17;58H[?25h[?25l[34me[m[30;107H2-59[17;59H[?25h[?25l[17;58H[K[30;107H1-58[17;58H[?25h[?25l[17;57H[K[30;107H0-57[17;57H[?25h[?25l[34mS[m[30;107H1-58[17;58H[?25h[?25l[34me[m[30;107H2-59[17;59H[?25h[?25l[34me[m[30;107H3-60[17;60H[?25h[?25l[34m [m[30;107H4-61[17;61H[?25h[?25l[34mr[m[30;107H5-62[17;62H[?25h[?25l[34me[m[30;107H6-63[17;63H[?25h[?25l[34ma[m[30;107H7-64[17;64H[?25h[?25l[34md[m[30;107H8-65[17;65H[?25h[?25l[34m.[m[30;107H9-66[17;66H[?25h[?25l[34mt[m[30;106H60-67[17;67H[?25h[?25l[34mx[m[30;107H1-68[17;68H[?25h[?25l[34mt[m[30;107H2-69[17;69H[?25h[?25l[34m [m[30;107H3-70[17;70H[?25h[?25l[34mi[m[30;107H4-71[17;71H[?25h[?25l[34mn[m[30;107H5-72[17;72H[?25h[?25l[34m [m[30;107H6-73[17;73H[?25h[?25l[34mr[m[30;107H7-74[17;74H[?25h[?25l[17;73H[K[30;107H6-73[17;73H[?25h[?25l[34mt[m[30;107H7-74[17;74H[?25h[?25l[34ma[m[30;107H8-75[17;75H[?25h[?25l[34mr[m[30;107H9-76[17;76H[?25h[?25l[17;75H[K[30;107H8-75[17;75H[?25h[?25l[17;74H[K[30;107H7-74[17;74H[?25h[?25l[17;73H[K[30;107H6-73[17;73H[?25h[?25l[17;72H[K[30;107H5-72[17;72H[?25h[?25l[17;71H[K[30;107H4-71[17;71H[?25h[?25l[17;70H[K[30;107H3-70[17;70H[?25h[?25l[17;69H[K[30;107H2-69[17;69H[?25h[30;1H[K[17;68H[?25l[30;103H78,61-68      63%[17;68H[?25h[?25l[30;103H[K[30;1H:[?2004h[?25hwq[?25l[?2004l"perceptron.c" 125L, 2812C written[23;2t[23;1t
[?2004l[?1l>[?25h[>4;m[?1049l[23;0;0thunter2e@th121-3:~/LBP/life/FINAL.TUOHEY/ASSIGNMENT_11$ vim main.c 
[?1049h[22;0;0t[>4;2m[?1h=[?2004h[1;30r[?12h[?12l[22;2t[22;1t[27m[23m[29m[m[H[2J[?25l[30;1H"main.c" 28L, 437C[2;1Hâ–½[6n[2;1H  [1;1H[>c]10;?]11;?[1;1H[35m#include [m[31m<stdio.h>[m
[35m#include [m[31m<stdlib.h>[m
[35m#include [m[31m"perceptron.h"[m

[32mint[m main([32mint[m argc, [32mchar[m *argv[])
{
    [32mchar[m *fname = argv[[31m1[m];[10;5H[34m// Building[m
    Data data = new_Data(fname);[13;5HModel model = new_Model();
    initialize_model(model);[16;5H[34m// Training[m
    fit_model(model, xcoords, ycoords, targets, number_of_examples);[19;5H[34m// Testing
[m    [34m// [m[30m[103mTODO[m[22;5H[34m// Scoring[m
    run_scoring_engine(model);[25;5Hfree(data);[27;5H[38;5;130mreturn[m [31m0[m;
}
[94m~                                                                                                                       [m[30;103H1,1[11CAll[1;1H[?25h[?25l[30;1H[1m-- INSERT --[m[30;13H[K[30;103H1,1[11CAll[1;1H[?25h[?25l[30;103H2[2;1H[?25h[?25l[30;103H3[3;1H[?25h[?25l[30;103H4[4;1H[?25h[?25l[30;103H5[5;1H[?25h[?25l
[106m{[28;1H}[m[30;103H6[6;1H[?25h[?25l{[28;1H}[30;103H7[7;1H[?25h[?25l[30;103H8[8;1H[?25h[?25l[30;103H9[9;1H[?25h[?25l[30;103H10,1[10;1H[?25h[?25l[30;104H1[11;1H[?25h[?25l[30;104H2[12;1H[?25h[?25l[30;104H3[13;1H[?25h[?25l[30;104H4[14;1H[?25h[?25l[30;104H5[15;1H[?25h[?25l[30;104H6[16;1H[?25h[?25l[30;104H7[17;1H[?25h[?25l[30;104H8[18;1H[?25h[?25l[30;104H9[19;1H[?25h[?25l[30;103H20[20;1H[?25h[?25l[30;106H2[20;2H[?25h[?25l[30;106H3[20;3H[?25h[?25l[30;106H4[20;4H[?25h[?25l[30;106H5[20;5H[?25h[?25l[30;106H6[20;6H[?25h[?25l[30;106H7[20;7H[?25h[?25l[30;106H8[20;8H[?25h[?25l[30;106H9[20;9H[?25h[?25l[30;106H10[20;10H[?25h[?25l[30;107H1[20;11H[?25h[?25l[30;107H2[20;12H[?25h[?25l[34mTOD[m[20;11H[K[30;107H1[20;11H[?25h[?25l[20;10H[K[30;107H0[20;10H[?25h[?25l[20;9H[K[30;106H9 [20;9H[?25h[?25l[20;8H[K[30;106H8[20;8H[?25h[?25l[20;7H[K[30;106H7[20;7H[?25h[?25l/[20;6H[K[30;106H6[20;6H[?25h[?25l[20;5H[K[30;106H5[20;5H[?25h[?25le[30;106H6[20;6H[?25h[?25lv[30;106H7[20;7H[?25h[?25la[30;106H8[20;8H[?25h[?25ll[30;106H9[20;9H[?25h[?25lu[30;106H10[20;10H[?25h[?25la[30;107H1[20;11H[?25h[?25lt[30;107H2[20;12H[?25h[?25le[30;107H3[20;13H[?25h[?25l_[30;107H4[20;14H[?25h[?25lm[30;107H5[20;15H[?25h[?25lo[30;107H6[20;16H[?25h[?25ld[30;107H7[20;17H[?25h[?25le[30;107H8[20;18H[?25h[?25ll[30;107H9[20;19H[?25h[?25l([30;106H20[20;20H[?25h[?25lm[30;107H1[20;21H[?25h[?25lo[30;107H2[20;22H[?25h[?25ld[30;107H3[20;23H[?25h[?25le[30;107H4[20;24H[?25h[?25ll[30;107H5[20;25H[?25h[?25l,[30;107H6[20;26H[?25h[?25l[30;107H7[20;27H[?25h[?25ld[30;107H8[20;28H[?25h[?25la[30;107H9[20;29H[?25h[?25lt[30;106H30[20;30H[?25h[?25la[30;107H1[20;31H[?25h[?25l)[20;19H[106m([11C)[m[30;107H2[20;32H[?25h[?25l;[20;19H([11C)[30;107H3[20;33H[?25h[30;1H[K[20;32H[?25l[30;103H20,32[9CAll[20;32H[?25h[?25l[30;103H[K[30;1H:[?2004h[?25hwq[?25l[?2004l"main.c" 28L, 458C written[23;2t[23;1t
[?2004l[?1l>[?25h[>4;m[?1049l[23;0;0thunter2e@th121-3:~/LBP/life/FINAL.TUOHEY/ASSIGNMENT_11$ ls
main.c	perceptron.c  perceptron.h  read.txt  train.dat  typescript
hunter2e@th121-3:~/LBP/life/FINAL.TUOHEY/ASSIGNMENT_11$ cd ..
hunter2e@th121-3:~/LBP/life/FINAL.TUOHEY$ ls
ASSIGNMENT_11  pristine-interpreter.py
hunter2e@th121-3:~/LBP/life/FINAL.TUOHEY$ git add .
hunter2e@th121-3:~/LBP/life/FINAL.TUOHEY$ git commit -m "Final"
[main 35ab502] Final
 9 files changed, 498 insertions(+)
 create mode 100644 FINAL.TUOHEY/.gitignore
 create mode 100644 FINAL.TUOHEY/ASSIGNMENT_11/.perceptron.c.swp
 create mode 100644 FINAL.TUOHEY/ASSIGNMENT_11/main.c
 create mode 100644 FINAL.TUOHEY/ASSIGNMENT_11/perceptron.c
 create mode 100644 FINAL.TUOHEY/ASSIGNMENT_11/perceptron.h
 create mode 100644 FINAL.TUOHEY/ASSIGNMENT_11/read.txt
 create mode 100644 FINAL.TUOHEY/ASSIGNMENT_11/train.dat
 create mode 100644 FINAL.TUOHEY/ASSIGNMENT_11/typescript
 create mode 100644 FINAL.TUOHEY/pristine-interpreter.py
hunter2e@th121-3:~/LBP/life/FINAL.TUOHEY$ git push
To github.com:hunter-2e/life.git
 [31m! [rejected]       [m main -> main (fetch first)
[31merror: failed to push some refs to 'git@github.com:hunter-2e/life.git'
[m[33mhint: Updates were rejected because the remote contains work that you do[m
[33mhint: not have locally. This is usually caused by another repository pushing[m
[33mhint: to the same ref. You may want to first integrate the remote changes[m
[33mhint: (e.g., 'git pull ...') before pushing again.[m
[33mhint: See the 'Note about fast-forwards' in 'git push --help' for details.[m
hunter2e@th121-3:~/LBP/life/FINAL.TUOHEY$ giut [K[K[Kt py[Kull
remote: Enumerating objects: 10, done.[K
remote: Counting objects:  10% (1/10)[Kremote: Counting objects:  20% (2/10)[Kremote: Counting objects:  30% (3/10)[Kremote: Counting objects:  40% (4/10)[Kremote: Counting objects:  50% (5/10)[Kremote: Counting objects:  60% (6/10)[Kremote: Counting objects:  70% (7/10)[Kremote: Counting objects:  80% (8/10)[Kremote: Counting objects:  90% (9/10)[Kremote: Counting objects: 100% (10/10)[Kremote: Counting objects: 100% (10/10), done.[K
remote: Compressing objects:  14% (1/7)[Kremote: Compressing objects:  28% (2/7)[Kremote: Compressing objects:  42% (3/7)[Kremote: Compressing objects:  57% (4/7)[Kremote: Compressing objects:  71% (5/7)[Kremote: Compressing objects:  85% (6/7)[Kremote: Compressing objects: 100% (7/7)[Kremote: Compressing objects: 100% (7/7), done.[K
remote: Total 7 (delta 4), reused 0 (delta 0), pack-reused 0[K
Unpacking objects:  14% (1/7)Unpacking objects:  28% (2/7)gUnpacking objects:  42% (3/7)Unpacking objects:  57% (4/7), 1.20 KiB | 2.00 KiB/siUnpacking objects:  71% (5/7), 1.20 KiB | 2.00 KiB/stUnpacking objects:  85% (6/7), 1.20 KiB | 2.00 KiB/sUnpacking objects: 100% (7/7), 1.20 KiB | 2.00 KiB/sUnpacking objects: 100% (7/7), 24.96 KiB | 22.00 KiB/s, done.
 From github.com:hunter-2e/life
   140747f..ab7a473  main       -> origin/main
  hint: Waiting for your editor to close the file... [?2004h[?1049h[22;0;0t[1;30r(B[m[4l[?7h[39;49m[?1h=[?1h=[?25l[39;49m(B[m[H[2J[28;54H(B[0;7m[ Reading... ](B[m[28;53H(B[0;7m[ Read 6 lines ](B[m[H(B[0;7m  GNU nano 4.8                             /home/hunter2e/LBP/life/.git/MERGE_MSG                                       [1;119H(B[m[29d(B[0;7m^G(B[m Get Help    (B[0;7m^O(B[m Write Out   (B[0;7m^W(B[m Where Is    (B[0;7m^K(B[m Cut Text    (B[0;7m^J(B[m Justify     (B[0;7m^C(B[m Cur Pos     (B[0;7mM-U(B[m Undo[106G(B[0;7mM-A(B[m Mark Text[30d(B[0;7m^X(B[m Exit[30;16H(B[0;7m^R(B[m Read File   (B[0;7m^\(B[m Replace     (B[0;7m^U(B[m Paste Text  (B[0;7m^T(B[m To Spell    (B[0;7m^_(B[m Go To Line  (B[0;7mM-E(B[m Redo[106G(B[0;7mM-6(B[m Copy Text[28d[2d[39;49m(B[mMerge branch 'main' of github.com:hunter-2e/life into main[3d[36m# Please enter a commit message to explain why this merge is necessary,[4d# especially if it merges an updated upstream into a topic branch.[5d#[6d# Lines starting with '#' will be ignored, and an empty message aborts[7d# the commit.[2d[39m(B[m[?12l[?25h[?25l[1;111H(B[0;7mModified(B[m7[2;27r8[2dM[1;30r[3;1H[?12l[?25h[?25l[2;27r[27;1H
[1;30r[2;1H[?12l[?25h[?25lXMerge branch 'main' of github.com:hunter-2e/life into mainX[?12l[?25h[?25l[1P[?12l[?25h[?25l[28d(B[0;7mSave modified buffer?                                                                                                   [29;1H Y(B[m Yes[K[30d(B[0;7m N(B[m No  [30;16H (B[0;7m^C(B[m Cancel[K[28;23H[?12l[?25h[?25l[29d(B[0;7m^G(B[m Get Help[29;31H(B[0;7mM-D(B[m DOS Format[29;61H(B[0;7mM-A(B[m Append[29;91H(B[0;7mM-B(B[m Backup File[30d(B[0;7m^C(B[m Cancel[17G[14X[30;31H(B[0;7mM-M(B[m Mac Format[30;61H(B[0;7mM-P(B[m Prepend[30;91H(B[0;7m^T(B[m To Files[28d(B[0;7mFile Name to Write: /home/hunter2e/LBP/life/.git/MERGE_MSG(B[m[28;59H[?12l[?25h[?25l[53G[1K (B[0;7m[ Cancelled ](B[m[K[29;16H(B[0;7m^O(B[m Write Out   (B[0;7m^W(B[m Where Is    (B[0;7m^K(B[m Cut Text    (B[0;7m^J(B[m Justify     (B[0;7m^C(B[m Cur Pos[93G(B[0;7mU(B[m Undo       (B[0;7mM-A(B[m Mark Text[30;2H(B[0;7mX(B[m Exit  [16G(B[0;7m^R(B[m Read File   (B[0;7m^\(B[m Replace     (B[0;7m^U(B[m Paste Text  (B[0;7m^T(B[m To Spell    (B[0;7m^_(B[m Go To Line  (B[0;7mM-E(B[m Redo       (B[0;7mM-6(B[m Copy Text[28d[2d[?12l[?25h[?25l[28d(B[0;7mSave modified buffer?                                                                                                   [29;1H Y(B[m Yes[K[30d(B[0;7m N(B[m No  [30;16H (B[0;7m^C(B[m Cancel[K[28;23H[?12l[?25h[?25l[29d(B[0;7m^G(B[m Get Help[29;31H(B[0;7mM-D(B[m DOS Format[29;61H(B[0;7mM-A(B[m Append[29;91H(B[0;7mM-B(B[m Backup File[30d(B[0;7m^C(B[m Cancel[17G[14X[30;31H(B[0;7mM-M(B[m Mac Format[30;61H(B[0;7mM-P(B[m Prepend[30;91H(B[0;7m^T(B[m To Files[28d(B[0;7mFile Name to Write: /home/hunter2e/LBP/life/.git/MERGE_MSG(B[m[28;59H[?12l[?25h[?25l[1;3H(B[0;7m            [1;44HDIR: /home/hunter2e/LBP/life/.git/    [1;111H        [28d(B[m[K[1;119H[29;16H(B[0;7m^_(B[m Go To Dir   (B[0;7m^W(B[m Where Is    (B[0;7mM-Q(B[m Previous   (B[0;7m^B(B[m Back        (B[0;7m^P(B[m Prev Line   (B[0;7m^Y(B[m Prev Page   (B[0;7mM-\(B[m First File[30;2H(B[0;7mX(B[m Close [16G(B[0;7m^L(B[m Refresh     (B[0;7m^Q(B[m Where Was   (B[0;7mM-W(B[m Next[61G(B[0;7m^F(B[m Forward     (B[0;7m^N(B[m Next Line   (B[0;7m^V(B[m Next Page   (B[0;7mM-/(B[m Last File[28d[1;119H[2d(B[0;7m..                 (parent dir)(B[m  branches[18X[2;60H(dir)  hooks[2;93H(dir)[3dinfo[22X[3;27H(dir)  logs[22X[3;60H(dir)  objects[3;93H(dir)[4drefs[22X[4;27H(dir)  .MERGE_MSG.swp             1 KB  COMMIT_EDITMSG[4;94H6  B[5dCOMMIT_EDITMSG.save[26G350  B  COMMIT_EDITMSG.save.1    470  B  config[5;92H254  B[6ddescription[15X[6;27H73  B  FETCH_HEAD[16X[6;60H85  B  HEAD[6;93H21  B[7dindex        [7;28H3 KB  MERGE_HEAD[7;60H41  B  MERGE_MODE[7;94H0  B[8dMERGE_MSG[8;26H285  B  MERGE_MSG.save[8;59H285  B  MERGE_MSGM[8;92H285  B[9dORIG_HEAD[9;27H41  B  packed-refs[9;59H112  B[28d[1;3H(B[0;7mGNU nano 4.8[1;44H/home/hunter2e/LBP/life/.git/MERGE_MSG[1;111HModified(B[m[2dMerge branch 'main' of github.com:hunter-2e/life into main[K[3d[36m# Please enter a commit message to explain why this merge is necessary,[39m(B[m[K[4d[36m# especially if it merges an updated upstream into a topic branch.[39m(B[m[K[5d[36m#[39m(B[m[K[6d[36m# Lines starting with '#' will be ignored, and an empty message aborts[39m(B[m[K[7d[36m# the commit.[39m(B[m[K[8d[K[9d[K[29;16H[15X[29;31H(B[0;7mM-D(B[m DOS Format[16X[29;61H(B[0;7mM-A(B[m Append[20X[29;91H(B[0;7mM-B(B[m Backup File[K[30;2H(B[0;7mC(B[m Cancel[16G[15X[30;31H(B[0;7mM-M(B[m Mac Format         [61G(B[0;7mM-P(B[m Prepend[19X[30;91H(B[0;7m^T(B[m To Files[K[28d(B[0;7mFile Name to Write: /home/hunter2e/LBP/life/.git/MERGE_MSG                                                              [28;1H(B[m[28;59H[?12l[?25h[?25l[28;59H[?12l[?25h[?25l[53G[1K (B[0;7m[ Cancelled ](B[m[K[29;16H(B[0;7m^O(B[m Write Out   (B[0;7m^W(B[m Where Is    (B[0;7m^K(B[m Cut Text    (B[0;7m^J(B[m Justify     (B[0;7m^C(B[m Cur Pos[93G(B[0;7mU(B[m Undo       (B[0;7mM-A(B[m Mark Text[30;2H(B[0;7mX(B[m Exit  [16G(B[0;7m^R(B[m Read File   (B[0;7m^\(B[m Replace     (B[0;7m^U(B[m Paste Text  (B[0;7m^T(B[m To Spell    (B[0;7m^_(B[m Go To Line  (B[0;7mM-E(B[m Redo       (B[0;7mM-6(B[m Copy Text[28d[2d[?12l[?25h[?25l[?12l[?25h[?25l[?12l[?25h[?25l[?12l[?25h[?25lqMerge branch 'main' of github.com:hunter-2e/life into mainq[?12l[?25h[?25l[1P[?12l[?25h[?25l7[2;27r8M[1;30r[3;1H[?12l[?25h[?25l[2;27r[2;1HM[1;30r[4;1H[?12l[?25h[?25l[2;27r[27;1H
[1;30r[3;1H[?12l[?25h[?25l[2;27r[27;1H
[1;30r[2;1H[?12l[?25h[?25l[3d[?12l[?25h[?25l7[3;27r8M[1;30r[4;1H[?12l[?25h[?25l[A[?12l[?25h[?25lS[?12l[?25h[?25l[K[?12l[?25h[?25lM[?12l[?25h[?25le[?12l[?25h[?25lr[?12l[?25h[?25lg[?12l[?25h[?25li[?12l[?25h[?25ln[?12l[?25h[?25lg[?12l[?25h[?25l7[4;27r8[4dM[1;30r[4;1H[?12l[?25h[?25l[4;27r[27;1H
[1;30r[3;8H[?12l[?25h[?25l[28d(B[0;7mSave modified buffer?                                                                                                   [29;1H Y(B[m Yes[K[30d(B[0;7m N(B[m No  [30;16H (B[0;7m^C(B[m Cancel[K[28;23H[?12l[?25h[?25l[29d(B[0;7m^G(B[m Get Help[29;31H(B[0;7mM-D(B[m DOS Format[29;61H(B[0;7mM-A(B[m Append[29;91H(B[0;7mM-B(B[m Backup File[30d(B[0;7m^C(B[m Cancel[17G[14X[30;31H(B[0;7mM-M(B[m Mac Format[30;61H(B[0;7mM-P(B[m Prepend[30;91H(B[0;7m^T(B[m To Files[28d(B[0;7mFile Name to Write: /home/hunter2e/LBP/life/.git/MERGE_MSG(B[m[28;59H[?12l[?25h[?25l[53G[1K (B[0;7m[ Writing... ](B[m[K[1;111H(B[0;7m        (B[m[28;52H(B[0;7m[ Wrote 7 lines ](B[m[J[30d[?12l[?25h[30;1H[?1049l[23;0;0t[?1l>[?2004l[KMerge made by the 'recursive' strategy.
 .gitignore             |   1 [32m+[m
 ASSIGNMENT_11/AS11.pdf | Bin [31m0[m -> [32m24963[m bytes
 2 files changed, 1 insertion(+)
 create mode 100644 ASSIGNMENT_11/AS11.pdf
hunter2e@th121-3:~/LBP/life/FINAL.TUOHEY$ ls
ASSIGNMENT_11  pristine-interpreter.py
hunter2e@th121-3:~/LBP/life/FINAL.TUOHEY$ cd
hunter2e@th121-3:~$ ls
'()'   220   a.out   bin   cs303   LBP	 SP   ssh   temp.c
hunter2e@th121-3:~$ cd :[KLBP/
hunter2e@th121-3:~/LBP$ cd life/
hunter2e@th121-3:~/LBP/life$ ls
00_HELLOJ     03_MODULES     ASSIGNMENT_08  ASSIGNMENT_11  FINAL.TUOHEY
01_FUNCTIONS  ASSIGNMENT_06  ASSIGNMENT_10  cdecl.c	   README.md
hunter2e@th121-3:~/LBP/life$ cd AS[K[K[K[Kd D[KFi[KINAL.TUOHEY/
hunter2e@th121-3:~/LBP/life/FINAL.TUOHEY$ ls
ASSIGNMENT_11  pristine-interpreter.py
hunter2e@th121-3:~/LBP/life/FINAL.TUOHEY$ cd ASSIGNMENT_11/q
bash: cd: ASSIGNMENT_11/q: No such file or directory
hunter2e@th121-3:~/LBP/life/FINAL.TUOHEY$ cd ASSIGNMENT_11/q[K
hunter2e@th121-3:~/LBP/life/FINAL.TUOHEY/ASSIGNMENT_11$ ls
main.c	perceptron.c  perceptron.h  read.txt  train.dat  typescript
hunter2e@th121-3:~/LBP/life/FINAL.TUOHEY/ASSIGNMENT_11$ cd ..
hunter2e@th121-3:~/LBP/life/FINAL.TUOHEY$ ls
ASSIGNMENT_11  pristine-interpreter.py
hunter2e@th121-3:~/LBP/life/FINAL.TUOHEY$ git push
Enumerating objects: 15, done.
Counting objects:   6% (1/15)Counting objects:  13% (2/15)Counting objects:  20% (3/15)Counting objects:  26% (4/15)Counting objects:  33% (5/15)Counting objects:  40% (6/15)Counting objects:  46% (7/15)Counting objects:  53% (8/15)Counting objects:  60% (9/15)Counting objects:  66% (10/15)Counting objects:  73% (11/15)Counting objects:  80% (12/15)Counting objects:  86% (13/15)Counting objects:  93% (14/15)Counting objects: 100% (15/15)Counting objects: 100% (15/15), done.
Delta compression using up to 8 threads
Compressing objects:   8% (1/12)Compressing objects:  16% (2/12)Compressing objects:  25% (3/12)Compressing objects:  33% (4/12)Compressing objects:  41% (5/12)Compressing objects:  50% (6/12)Compressing objects:  58% (7/12)Compressing objects:  66% (8/12)Compressing objects:  75% (9/12)Compressing objects:  83% (10/12)Compressing objects:  91% (11/12)Compressing objects: 100% (12/12)Compressing objects: 100% (12/12), done.
Writing objects:   7% (1/13)Writing objects:  15% (2/13)Writing objects:  23% (3/13)Writing objects:  30% (4/13)Writing objects:  38% (5/13)Writing objects:  46% (6/13)Writing objects:  53% (7/13)Writing objects:  61% (8/13)Writing objects:  69% (9/13)Writing objects:  76% (10/13)Writing objects:  84% (11/13)Writing objects:  92% (12/13)Writing objects: 100% (13/13)Writing objects: 100% (13/13), 10.24 KiB | 1.02 MiB/s, done.
Total 13 (delta 2), reused 0 (delta 0)
remote: Resolving deltas:   0% (0/2)[Kremote: Resolving deltas:  50% (1/2)[Kremote: Resolving deltas: 100% (2/2)[Kremote: Resolving deltas: 100% (2/2), completed with 2 local objects.[K
To github.com:hunter-2e/life.git
   ab7a473..e8b0f7d  main -> main
hunter2e@th121-3:~/LBP/life/FINAL.TUOHEY$ git pull
remote: Enumerating objects: 6, done.[K
remote: Counting objects:  16% (1/6)[Kremote: Countin